// Jest Snapshot v1, https://goo.gl/fbAQLP

exports[`Personal component matches snapshot 1`] = `
<h1>
  abc
</h1>
`;
